// Jest Snapshot v1, https://goo.gl/fbAQLP

exports[`NivelatorXY Render NivelatorXY component 1`] = `
<DocumentFragment>
  <div
    class="MuiGrid-root nivelator-xy MuiGrid-container MuiGrid-direction-xs-column MuiGrid-align-items-xs-center MuiGrid-justify-xs-center"
  />
</DocumentFragment>
`;
