// Jest Snapshot v1, https://goo.gl/fbAQLP

exports[`Paper Render Paper component 1`] = `
<DocumentFragment>
  <div
    class="paper paper_sizes_full paper_theme_dark"
  >
    <h2
      class="paper__title"
    >
      Hello Paper
    </h2>
    <section
      class="paper__content"
    />
  </div>
</DocumentFragment>
`;
